// Jest Snapshot v1, https://goo.gl/fbAQLP

exports[`renders correctly 1`] = `
<div>
  <div
    className="ui left aligned container"
  >
    <div
      className="matches--list"
    >
      <div
        className="ui divided middle aligned list"
        role="list"
      >
        <div
          className="item"
          data-value={undefined}
          onClick={[Function]}
          role="listitem"
        >
          <div
            className="content"
          >
            <div
              className="header"
            >
              <div
                className="description"
              >
                <span
                  dangerouslySetInnerHTML={
                    Object {
                      "__html": "<div className=\\"description\\">test title<span style={Object { \\"backgroundColor\\": \\"#ffffb3\\" }}></span></div>",
                    }
                  }
                />
              </div>
            </div>
          </div>
          <div
            className="content"
          >
            <div
              className="description"
            >
              <span
                dangerouslySetInnerHTML={
                  Object {
                    "__html": "<div className=\\"description\\">I had a great time<span style={Object { \\"backgroundColor\\": \\"#ffffb3\\" }}></span></div>",
                  }
                }
              />
            </div>
          </div>
          <div
            className="content"
          >
            Score: 
            1.0000
          </div>
          <div
            className="content"
          >
            Date: 
            2014-11-01
          </div>
          <div
            className="content"
          >
            Sentiment: 
            <a
              className="ui green tiny tag label sentiment-value"
              onClick={[Function]}
            >
              0.76
            </a>
          </div>
        </div>
      </div>
    </div>
  </div>
</div>
`;
