// Jest Snapshot v1, https://goo.gl/fbAQLP

exports[`renders correctly 1`] = `
<div>
  <h2
    className="ui block inverted left aligned header"
  >
    <i
      aria-hidden="true"
      className="filter icon"
      onClick={[Function]}
    />
    <div
      className="content"
    >
      Filter
      <div
        className="sub header"
      >
        By Tag Cloud
      </div>
    </div>
  </h2>
  <div
    className="ui left aligned container"
  >
    <div
      className="matches--list"
    >
      <a
        className="ui red label"
      >
        No Matches Found
      </a>
    </div>
  </div>
</div>
`;
